U4.hx:2: character 11 : Invalid escape sequence \u. Must be followed by a hexadecimal sequence enclosed in curly brackets.