Main.hx:5: characters 25-37 : String should be Int