Main.hx:2: characters 3-6 : Cannot use this expression as value