Main3.hx:3: characters 5-6 : Expected expression or )
