Main2.hx:12: characters 11-16 : Unmatched patterns: A(_)