Error: : --custom-target cannot use reserved name js.