Main.hx:10: characters 16-17 : Unmatched patterns: B
Main.hx:14: characters 24-25 : Unmatched patterns: B
