Main.hx:5: characters 12-19 : Eval runtime exception: Null Access (see dump/decoding_error.txt for details)
