(unknown) : Object requires field metadata
(unknown) : ... For function argument 'meta'
