FullpathModuleField.hx:2: characters 2-18 : Module ModuleFields does not define field baz (Suggestion: bar)
