ModuleStaticWithNoMainClass.hx:3: characters 15-23 : Module RootMod1 does not define type RootMod1