Main.hx:8: characters 1-13 : @:structInit is not allowed on interfaces
Main.hx:9: lines 9-11 : Defined in this class
Main.hx:3: characters 15-26 : Foo does not have a constructor