Main.hx:4: characters 14-15 : The expanded name of this local (main_x) conflicts with another static field
Main.hx:3: characters 14-15 : Conflicting field was found here