Main1.hx:2: characters 2-17 : v: Static final variable must be initialized