Main.hx:2: characters 33-38 : String should be Int