Main.hx:3: characters 18-26 : Duplicate class field declaration : Main.__init__