Main.hx:6: characters 40-41 : Unknown identifier : _