Main.hx:10: characters 24-25 : Unmatched patterns: B