Main.hx:8: characters 10-14 : String interpolation is not allowed in case patterns
