Main.hx:7: characters 9-13 : Warning : Usage of this field is deprecated