src2/Test.hx:3: characters 2-8 : Method absent not found on class Foo
