TestErrors1.hx:5: characters 2-8 : Type not found : MacroErrors1
