Main.hx:3: characters 3-13 : Cannot access private constructor of Foo