User.hx:1: characters 20-47 : Type not found : ThisObviouslyDoesntExist
Main.hx:1: lines 1-5 : Defined in this class