Main.hx:5: characters 11-14 : Int has no field bar
