[WARNING] Main.hx:8: characters 9-10

  8 |   $type(a);
    |         ^
    | A<String, Int>

[WARNING] Main.hx:11: characters 9-10

 11 |   $type(b);
    |         ^
    | B<Bool, String, Int>

