Main.hx:12: characters 39-41 : Connection refused(connect, )