Main.hx:1: characters 1-8 : "0" is not a valid field name.
