Main4.hx:3: characters 7-9 : Variable names starting with a dollar are not allowed: "$i"
